2026-06-10 16:10:01,900 - INFO - 这条日志应该写入文件
2026-06-10 16:10:03,829 - INFO - Home类型测试开始
2026-06-10 16:10:04,319 - INFO - 编号:(6a298c5ac760c30296c6c0b0)    Home笔记，创建成功
2026-06-10 16:10:05,462 - INFO - Home删除成功
2026-06-10 16:10:05,830 - INFO - 6a298c5ac760c30296c6c0b0已不存在，二次删除失败断言成功
2026-06-10 16:10:05,834 - INFO - Personal类型测试开始
2026-06-10 16:10:06,208 - INFO - 编号:(6a298c5cc760c30296c6c0bb)    Personal笔记，创建成功
2026-06-10 16:10:07,453 - INFO - Personal删除成功
2026-06-10 16:10:07,873 - INFO - 6a298c5cc760c30296c6c0bb已不存在，二次删除失败断言成功
2026-06-10 16:10:07,876 - INFO - Work类型测试开始
2026-06-10 16:10:09,165 - INFO - 编号:(6a298c5ec760c30296c6c0c9)    Work笔记，创建成功
2026-06-10 16:10:10,098 - INFO - Work删除成功
2026-06-10 16:10:10,429 - INFO - 6a298c5ec760c30296c6c0c9已不存在，二次删除失败断言成功
